{
  "nodes": {
    "1": 5.0,
    "2": 3.333
  },
  "tolerance": 0.001
}